// Jest Snapshot v1, https://goo.gl/fbAQLP

exports[`<QuestionForm /> should display QuestionForm 1`] = `
<div
  className="StyledBox-sc-13pk1d4-0 jlHNLW"
>
  <div
    className="StyledTextInput__StyledTextInputContainer-sc-1x30a0s-1 dpaJQp"
  >
    <input
      autoComplete="off"
      className="StyledTextInput-sc-1x30a0s-0 fwbQtl"
      onBlur={[Function]}
      onChange={[Function]}
      onFocus={[Function]}
      onKeyDown={[Function]}
      placeholder="Question 2"
      value="A questions"
    />
  </div>
  <div
    className="StyledBox-sc-13pk1d4-0 iBSatu"
  >
    <div
      className="StyledBox-sc-13pk1d4-0 dfYOnT"
    >
      <label
        checked={false}
        className="StyledCheckBox__StyledCheckBoxContainer-sc-1dbk5ju-1 htOOow"
        onClick={[Function]}
      >
        <span>
          answer
        </span>
        <div
          checked={false}
          className="StyledBox-sc-13pk1d4-0 jUHgwK StyledCheckBox-sc-1dbk5ju-6 hOFfoi"
        >
          <input
            checked={false}
            className="StyledCheckBox__StyledCheckBoxInput-sc-1dbk5ju-2 fYuA-Ds"
            onBlur={[Function]}
            onChange={[Function]}
            onFocus={[Function]}
            type="checkbox"
            value={0}
          />
          <div
            checked={false}
            className="StyledBox-sc-13pk1d4-0 jYPXhZ StyledCheckBox__StyledCheckBoxBox-sc-1dbk5ju-3 kRWCTA"
          />
        </div>
      </label>
      <div
        className="StyledBox__StyledBoxGap-sc-13pk1d4-1 eBVJAG"
      />
      <div
        className="StyledTextInput__StyledTextInputContainer-sc-1x30a0s-1 dpaJQp"
      >
        <input
          autoComplete="off"
          className="StyledTextInput-sc-1x30a0s-0 fwbQtl"
          onBlur={[Function]}
          onChange={[Function]}
          onFocus={[Function]}
          onKeyDown={[Function]}
          placeholder="Option 1"
          value="Monday"
        />
      </div>
    </div>
    <div
      className="StyledBox__StyledBoxGap-sc-13pk1d4-1 ggstca"
    />
    <button
      className="StyledButton-sc-323bzc-0 hiyJPE"
      disabled={false}
      onBlur={[Function]}
      onClick={[Function]}
      onFocus={[Function]}
      onMouseOut={[Function]}
      onMouseOver={[Function]}
      type="button"
    >
      <svg
        aria-label="AddCircle"
        className="StyledIcon-ofa7kd-0 dEeaTZ"
        viewBox="0 0 24 24"
      >
        <path
          d="M12,22 C17.5228475,22 22,17.5228475 22,12 C22,6.4771525 17.5228475,2 12,2 C6.4771525,2 2,6.4771525 2,12 C2,17.5228475 6.4771525,22 12,22 Z M12,18 L12,6 M6,12 L18,12"
          fill="none"
          stroke="#000"
          strokeWidth="2"
        />
      </svg>
    </button>
  </div>
</div>
`;
