// Jest Snapshot v1, https://goo.gl/fbAQLP

exports[`<Modal /> should display Base Modal 1`] = `null`;
