// Jest Snapshot v1, https://goo.gl/fbAQLP

exports[`<QuestionCard /> should display QuestionCard 1`] = `
<div
  className="StyledBox-sc-13pk1d4-0 jlHNLW"
>
  <div>
    testing
  </div>
</div>
`;
